// Jest Snapshot v1, https://goo.gl/fbAQLP

exports[`FullPage renders correctly 1`] = `
<div
  className="fullPage"
>
  FullPage
</div>
`;
