// Jest Snapshot v1, https://goo.gl/fbAQLP

exports[`Layout renders correctly 1`] = `
Array [
  <header
    className="siteHeader"
  >
    <div
      style={
        Object {
          "margin": "0 auto",
          "maxWidth": 960,
          "padding": "1.45rem 1.0875rem",
        }
      }
    >
      <h1
        style={
          Object {
            "margin": 0,
          }
        }
      >
        <a
          href="/"
          style={
            Object {
              "color": "white",
              "textDecoration": "none",
            }
          }
        >
          Default Starter
        </a>
      </h1>
    </div>
  </header>,
  <nav
    className="pageNavigation"
  >
    <ul>
      <li>
        <a
          href="#"
        >
          euphorika
        </a>
      </li>
      <li>
        <a
          href="#"
        >
          leistungen
        </a>
      </li>
      <li>
        <a
          href="#"
        >
          best cases
        </a>
      </li>
      <li>
        <a
          href="#"
        >
          jobs
        </a>
      </li>
      <li>
        <a
          href="#"
        >
          kontakt
        </a>
      </li>
    </ul>
  </nav>,
  <div
    className="innerContainer"
  >
    <main
      className="main"
    >
      <div>
        Children
      </div>
    </main>
  </div>,
  <footer
    class="pageFooter"
  >
    <ul>
      <li>
        <a
          href="/impressum/"
        >
          Impressum
        </a>
      </li>
      <li>
        <a
          href="/datenschutz/"
        >
          Datenschutz
        </a>
      </li>
    </ul>
  </footer>,
]
`;
