// Jest Snapshot v1, https://goo.gl/fbAQLP

exports[`PageSnapContainer renders correctly 1`] = `
<PageSnapContainer>
  <div
    className="pageSnapContainer"
  >
    <div>
      Snap Entry 1
    </div>
    <div>
      Snap Entry 2
    </div>
  </div>
</PageSnapContainer>
`;
